Copyright 1986-2020 Xilinx, Inc. All Rights Reserved.
--------------------------------------------------------------------------------------
| Tool Version : Vivado v.2020.2 (win64) Build 3064766 Wed Nov 18 09:12:45 MST 2020
| Date         : Mon Oct 10 16:32:07 2022
| Host         : SE106-09 running 64-bit major release  (build 9200)
| Command      : report_control_sets -verbose -file top_baxys_control_sets_placed.rpt
| Design       : top_baxys
| Device       : xc7a35t
--------------------------------------------------------------------------------------

Control Set Information

Table of Contents
-----------------
1. Summary
2. Histogram
3. Flip-Flop Distribution
4. Detailed Control Set Information

1. Summary
----------

+----------------------------------------------------------+-------+
|                          Status                          | Count |
+----------------------------------------------------------+-------+
| Total control sets                                       |    28 |
|    Minimum number of control sets                        |    28 |
|    Addition due to synthesis replication                 |     0 |
|    Addition due to physical synthesis replication        |     0 |
| Unused register locations in slices containing registers |    87 |
+----------------------------------------------------------+-------+
* Control sets can be merged at opt_design using control_set_merge or merge_equivalent_drivers
** Run report_qor_suggestions for automated merging and remapping suggestions


2. Histogram
------------

+--------------------+-------+
|       Fanout       | Count |
+--------------------+-------+
| Total control sets |    28 |
| >= 0 to < 4        |     1 |
| >= 4 to < 6        |     7 |
| >= 6 to < 8        |     3 |
| >= 8 to < 10       |     6 |
| >= 10 to < 12      |     3 |
| >= 12 to < 14      |     0 |
| >= 14 to < 16      |     0 |
| >= 16              |     8 |
+--------------------+-------+
* Control sets can be remapped at either synth_design or opt_design


3. Flip-Flop Distribution
-------------------------

+--------------+-----------------------+------------------------+-----------------+--------------+
| Clock Enable | Synchronous Set/Reset | Asynchronous Set/Reset | Total Registers | Total Slices |
+--------------+-----------------------+------------------------+-----------------+--------------+
| No           | No                    | No                     |              20 |           10 |
| No           | No                    | Yes                    |              97 |           43 |
| No           | Yes                   | No                     |              39 |           13 |
| Yes          | No                    | No                     |              42 |           10 |
| Yes          | No                    | Yes                    |              97 |           42 |
| Yes          | Yes                   | No                     |              50 |           14 |
+--------------+-----------------------+------------------------+-----------------+--------------+


4. Detailed Control Set Information
-----------------------------------

+-------------------+---------------------------------------------------------------+--------------------------------------------------+------------------+----------------+--------------+
|    Clock Signal   |                         Enable Signal                         |                 Set/Reset Signal                 | Slice Load Count | Bel Load Count | Bels / Slice |
+-------------------+---------------------------------------------------------------+--------------------------------------------------+------------------+----------------+--------------+
|  clk100_IBUF_BUFG |                                                               |                                                  |                1 |              1 |         1.00 |
|  clk25_BUFG       | obj_ctrl/ball_ctrl/inc_type[3]_i_1_n_0                        | obj_ctrl/ball_ctrl/ouest                         |                2 |              4 |         2.00 |
|  clk25_BUFG       | accelero_mgr/accelero/StC_Adxl_Ctrl[3]                        | obj_ctrl/ball_ctrl/ouest                         |                1 |              4 |         4.00 |
|  clk25_BUFG       | accelero_mgr/accelero/Cmd_Reg[0]_4                            | accelero_mgr/accelero/Cmd_Reg[0][6]_i_1_n_0      |                1 |              4 |         4.00 |
|  clk25_BUFG       | accelero_mgr/accelero/FSM_sequential_StC_Adxl_Ctrl[3]_i_1_n_0 | obj_ctrl/ball_ctrl/ouest                         |                2 |              4 |         2.00 |
|  clk25_BUFG       | accelero_mgr/accelero/sel                                     | accelero_mgr/accelero/Reset_Cnt_Num_Reads        |                1 |              4 |         4.00 |
|  clk25_BUFG       | obj_ctrl/ball_ctrl/zone_pad_bounce[4]_i_1_n_0                 | obj_ctrl/ball_ctrl/ouest                         |                2 |              5 |         2.50 |
|  clk25_BUFG       | accelero_mgr/accelero/Cmd_Reg[1][6]_i_2_n_0                   | accelero_mgr/accelero/Cmd_Reg[1]0_in[7]          |                1 |              5 |         5.00 |
|  clk25_BUFG       |                                                               | accelero_mgr/accelero/SPI_Interface/SCLK_2X_DIV0 |                2 |              6 |         3.00 |
|  clk25_BUFG       | accelero_mgr/accelero/Cmd_Reg[2]_5                            | accelero_mgr/accelero/Cmd_Reg[2]_3[7]            |                3 |              6 |         2.00 |
|  clk25_BUFG       | accelero_mgr/accelero/Shift_Cmd_Reg                           | obj_ctrl/ball_ctrl/ouest                         |                1 |              7 |         7.00 |
|  clk25Hz/CLK      | obj_ctrl/pad_ctrl/ypong_left                                  | obj_ctrl/ball_ctrl/ouest                         |                2 |              8 |         4.00 |
|  clk25_BUFG       | accelero_mgr/accelero/SPI_Interface/DONE_1_i_1_n_0            |                                                  |                1 |              8 |         8.00 |
|  clk25_BUFG       | accelero_mgr/accelero/SPI_Interface/MOSI_REG[7]_i_1_n_0       |                                                  |                2 |              8 |         4.00 |
|  clk25_BUFG       | accelero_mgr/accelero/SPI_Interface/SHIFT_TICK_IN             |                                                  |                1 |              8 |         8.00 |
|  clk25_BUFG       | obj_ctrl/pad_ctrl/ypong_right                                 | obj_ctrl/ball_ctrl/ouest                         |                2 |              8 |         4.00 |
|  clk25Hz/CLK      | game_ctrl/game_select/E[0]                                    | obj_ctrl/ball_ctrl/ouest                         |                3 |              9 |         3.00 |
|  clk25_BUFG       |                                                               | accelero_mgr/accelero/Cnt_SS_Inactive0           |                3 |             10 |         3.33 |
|  clk25_BUFG       | vga_ctrl/sel                                                  | obj_ctrl/ball_ctrl/ouest                         |                5 |             10 |         2.00 |
|  clk25_BUFG       | aff/sel_seg                                                   | obj_ctrl/ball_ctrl/ouest                         |                3 |             11 |         3.67 |
|  clk25_BUFG       | accelero_mgr/accelero/sel                                     | accelero_mgr/accelero/ACCEL_Y_SUM[0]_i_1_n_0     |                4 |             16 |         4.00 |
|  clk25_BUFG       |                                                               | accelero_mgr/accelero/Reset_Sample_Rate_Div      |                5 |             17 |         3.40 |
|  clk25_BUFG       |                                                               |                                                  |                9 |             19 |         2.11 |
|  clk25_BUFG       | obj_ctrl/ball_ctrl/xball[9]_i_1_n_0                           | obj_ctrl/ball_ctrl/ouest                         |               17 |             20 |         1.18 |
|  clk25_BUFG       | buttons/compteur[0]_i_1_n_0                                   | obj_ctrl/ball_ctrl/ouest                         |                6 |             22 |         3.67 |
|  clk100_IBUF_BUFG |                                                               | obj_ctrl/ball_ctrl/ouest                         |                8 |             24 |         3.00 |
|  clk25_BUFG       | accelero_mgr/accelero/SPI_Interface/Shift_Data_Reg            |                                                  |                6 |             26 |         4.33 |
|  clk25_BUFG       |                                                               | obj_ctrl/ball_ctrl/ouest                         |               38 |             79 |         2.08 |
+-------------------+---------------------------------------------------------------+--------------------------------------------------+------------------+----------------+--------------+


